I'm sorry, but errors were detected in your script. Please correct the
errors listed below, and try again.


File "game/script.rpy", line 94: Line is indented, but the preceding show statement statement does not expect a block. Please check this line's indentation.
    zoom 0.5
    ^

Ren'Py Version: Ren'Py 7.1.0.882
Fri Oct  5 22:45:42 2018
